
> 3d-portfolio-website@1.0.0 build
> tsc -b && vite build

[36mvite v7.3.1 [32mbuilding client environment for production...[36m[39m
transforming...
[32mΓ£ô[39m 2130 modules transformed.
rendering chunks...
computing gzip size...
[2mdist/[22m[32mindex.html                 [39m[1m[2m    0.61 kB[22m[1m[22m[2m Γöé gzip:   0.37 kB[22m
[2mdist/[22m[35massets/index-D7l-n087.css  [39m[1m[2m   25.84 kB[22m[1m[22m[2m Γöé gzip:   5.43 kB[22m
[2mdist/[22m[36massets/index-BMlOyykb.js   [39m[1m[33m1,238.46 kB[39m[22m[2m Γöé gzip: 360.83 kB[22m
node.exe : [33m
At C:\Program Files\nodejs\npm.ps1:29 char:3
+   & $NODE_EXE $NPM_CLI_JS $args
+   ~~~~~~~~~~~~~~~~~~~~~~~~~~~~~
    + CategoryInfo          : NotSpecified: ([33m:String) [], RemoteException
    + FullyQualifiedErrorId : NativeCommandError
 
(!) Some chunks are larger than 500 kB after minification. Consider:
- Using dynamic import() to code-split the application
- Use build.rollupOptions.output.manualChunks to improve chunking: 
https://rollupjs.org/configuration-options/#output-manualchunks
- Adjust chunk size limit for this warning via 
build.chunkSizeWarningLimit.[39m
[32mΓ£ô built in 55.78s[39m
